  … system-info
  … file-integrity
  … privilege
  … kernel-hardening
  … kernel-taint
  … ld-preload
  … accounts
  … ssh-hardening
  … suid
  … world-writable
  … mount-flags
  … disk-usage
  … cron-persistence
  … systemd-persistence
  … listening-ports
  … firewall
  … process-anomalies

  ARGUS  security posture report
──────────────────────────────────────────────
Host      : zyrow (linux/amd64)
Platform  : Kali GNU/Linux Rolling
Kernel    : Linux 6.19.14+kali-amd64
Scanned   : 2026-07-23 15:06:22
Duration  : 31693 ms

  SCORE 25/100   grade F
  CRITICAL 0  HIGH 1  MEDIUM 7  LOW 4

[PROCESS]
  HIGH  Process(es) running from a deleted binary  (PROC-DELETED)
        Fileless malware often deletes its on-disk image while continuing to run.
        · 1226 -> /usr/lib/systemd/systemd-executor (deleted)
        · 1253 -> /usr/bin/wireplumber (deleted)
        · 1344 -> /usr/libexec/at-spi-bus-launcher (deleted)
        · 1362 -> /usr/libexec/at-spi2-registryd (deleted)
        · 1369 -> /usr/bin/ssh-agent (deleted)
        · 1378 -> /usr/bin/gpg-agent (deleted)
        · 2230 -> /usr/libexec/xdg-desktop-portal (deleted)
        · 2240 -> /usr/libexec/xdg-permission-store (deleted)
        · 2245 -> /usr/libexec/xdg-document-portal (deleted)
        · 5368 -> /usr/lib/firefox-esr/firefox-esr (deleted)
        · 5373 -> /usr/lib/firefox-esr/crashhelper (deleted)
        · 5453 -> /usr/lib/firefox-esr/firefox-esr (deleted)
        · 5473 -> /usr/lib/firefox-esr/firefox-esr (deleted)
        · 5479 -> /usr/lib/firefox-esr/firefox-esr (deleted)
        · 5582 -> /usr/lib/firefox-esr/firefox-esr (deleted)
        · 5620 -> /usr/lib/firefox-esr/firefox-esr (deleted)
        · 5659 -> /usr/lib/firefox-esr/firefox-esr (deleted)
        · 59869 -> /usr/libexec/glycin-loaders/2+/glycin-image-rs (deleted)
        · 59889 -> /usr/libexec/glycin-loaders/2+/glycin-heif (deleted)
        · 630 -> /usr/lib/systemd/systemd-logind (deleted)
        · 9556 -> /usr/lib/firefox-esr/firefox-esr (deleted)
        · 964 -> /usr/sbin/agetty (deleted)
        → Inspect these PIDs (`ls -l /proc/<pid>/exe`, `cat /proc/<pid>/maps`) before killing.
[NETWORK]
  MED   No host firewall rules detected  (FW-NONE)
        iptables shows only default-accept policies.
        → Enable ufw/nftables or add iptables rules to limit inbound exposure.
[KERNEL]
  MED   Kernel pointer hiding is weak/disabled  (KRN-KERNEL-KPTR_RESTRICT)
        kernel.kptr_restrict = "0"
        → Set kernel.kptr_restrict=1 to hide kernel addresses from unprivileged users.
  MED   Unprivileged eBPF disabled is weak/disabled  (KRN-KERNEL-UNPRIVILEGED_BPF_DISABLED)
        kernel.unprivileged_bpf_disabled = "2"
        → Set kernel.unprivileged_bpf_disabled=1.
  MED   ptrace restriction is weak/disabled  (KRN-KERNEL-YAMA-PTRACE_SCOPE)
        kernel.yama.ptrace_scope = "0"
        → Set kernel.yama.ptrace_scope=1 to block cross-process memory injection.
[DISK]
  MED   /dev/shm is mounted without noexec  (MNT-NOEXEC-DEV/SHM)
        opts: rw,nosuid,nodev,inode64
        → Remount /dev/shm with noexec to block execution of dropped payloads.
  MED   /tmp is mounted without noexec  (MNT-NOEXEC-TMP)
        opts: rw,nosuid,nodev,nr_inodes=1048576,inode64
        → Remount /tmp with noexec to block execution of dropped payloads.
[SSH]
  MED   SSH password authentication enabled  (SSH-PWAUTH)
        PasswordAuthentication is not disabled
        → Prefer keys: set `PasswordAuthentication no`.
[KERNEL]
  LOW   dmesg restriction is weak/disabled  (KRN-KERNEL-DMESG_RESTRICT)
        kernel.dmesg_restrict = "0"
        → Set kernel.dmesg_restrict=1.
  LOW   Reverse-path filtering is weak/disabled  (KRN-NET-IPV4-CONF-ALL-RP_FILTER)
        net.ipv4.conf.all.rp_filter = "0"
        → Set net.ipv4.conf.all.rp_filter=1 to mitigate IP spoofing.
[DISK]
  LOW   /var/tmp is not a separate mount  (MNT-VAR/TMP)
        Cannot apply noexec/nosuid to /var/tmp.
        → Consider a dedicated mount with noexec,nosuid,nodev.
[SSH]
  LOW   SSH X11 forwarding enabled  (SSH-X11)
        X11Forwarding yes
        → Disable unless required.

Passed controls: 13   |   Issues: 12   |   Check errors: 0
JSON report written to reports/argus-report.json
Markdown report written to reports/argus-report.md
